// Jest Snapshot v1, https://goo.gl/fbAQLP

exports[`<Homepage /> renders a homepage 1`] = `
<h1
  class="text-3xl font-bold underline"
>
  Homepage
</h1>
`;
